
> deal-hunter@0.1.0 build
> next build

node.exe : ⚠ Warning: Next.js inferred your workspace root, but it may not 
be correct.
At line:1 char:1
+ & "C:\Program Files\nodejs/node.exe" "C:\Users\Lenovo\AppData\Roaming ...
+ ~~~~~~~~~~~~~~~~~~~~~~~~~~~~~~~~~~~~~~~~~~~~~~~~~~~~~~~~~~~~~~~~~~~~~
    + CategoryInfo          : NotSpecified: (⚠ Warning: Next...not be correc 
   t.:String) [], RemoteException
    + FullyQualifiedErrorId : NativeCommandError
 
 We detected multiple lockfiles and selected the directory of 
C:\Users\Lenovo\package-lock.json as the root directory.
 To silence this warning, set `turbopack.root` in your Next.js config, or 
consider removing one of the lockfiles if it's not needed.
   See https://nextjs.org/docs/app/api-reference/config/next-config-js/turbop
ack#root-directory for more information.
 Detected additional lockfiles: 
   * C:\Users\Lenovo\Desktop\App\deal-hunter\package-lock.json

▲ Next.js 16.1.6 (Turbopack)
- Environments: .env
- Experiments (use with caution):
  · serverActions

  Creating an optimized production build ...
✓ Compiled successfully in 28.7s
  Running TypeScript ...
Failed to compile.

./app/components/AIConcierge.tsx:61:75
Type error: 'data' is of type 'unknown'.

[0m [90m 59 |[39m                 [33m<[39m[33mdiv[39m 
className[33m=[39m[32m"space-y-4"[39m[33m>[39m
 [90m 60 |[39m                     [33m<[39m[33mdiv[39m 
className[33m=[39m[32m"flex justify-between 
items-baseline"[39m[33m>[39m
[31m[1m>[22m[39m[90m 61 |[39m                         
[33m<[39m[33mp[39m className[33m=[39m[32m"text-3xl font-black text-gra
y-900"[39m[33m>[39m{data[33m.[39mairline}[33m<[39m[33m/[39m[33mp[3
9m[33m>[39m
 [90m    |[39m                                                             
              [31m[1m^[22m[39m
 [90m 62 |[39m                         [33m<[39m[33mp[39m 
className[33m=[39m[32m"text-xl font-bold text-blue-600"[39m[33m>[39m${d
ata[33m.[39mestimatedPrice}[33m<[39m[33m/[39m[33mp[39m[33m>[39m
 [90m 63 |[39m                     
[33m<[39m[33m/[39m[33mdiv[39m[33m>[39m
 [90m 64 |[39m                     [33m<[39m[33mdiv[39m 
className[33m=[39m[32m"p-4 bg-blue-50/50 rounded-2xl border 
border-blue-100/30"[39m[33m>[39m[0m
Next.js build worker exited with code: 1 and signal: null
